> Task :app:preBuild UP-TO-DATE
> Task :app:preDebugBuild UP-TO-DATE
> Task :app:generateDebugResources UP-TO-DATE
> Task :app:packageDebugResources UP-TO-DATE
> Task :app:processDebugNavigationResources UP-TO-DATE
> Task :app:parseDebugLocalResources UP-TO-DATE
> Task :app:generateDebugRFile UP-TO-DATE

> Task :app:compileDebugKotlin FAILED
.\gradlew : e: file:///C:/Users/xiaomi/Desktop/Anime/Drift/app/src/main/java/com/kousoyu/drift/data/MangaViewModel.
kt:51:23 Unresolved reference '_currentSource'.
所在位置 行:1 字符: 1
+ .\gradlew app:compileDebugKotlin > compile.log 2>&1
+ ~~~~~~~~~~~~~~~~~~~~~~~~~~~~~~~~~~~~~~~~~~~~~~~~~~~
    + CategoryInfo          : NotSpecified: (e: file:///C:/U...currentSource'.:String) [], RemoteException
    + FullyQualifiedErrorId : NativeCommandError
 
e: file:///C:/Users/xiaomi/Desktop/Anime/Drift/app/src/main/java/com/kousoyu/drift/data/MangaViewModel.kt:82:35 Can
not infer type for this parameter. Specify it explicitly.
e: file:///C:/Users/xiaomi/Desktop/Anime/Drift/app/src/main/java/com/kousoyu/drift/data/MangaViewModel.kt:83:31 Can
not infer type for this parameter. Specify it explicitly.
e: file:///C:/Users/xiaomi/Desktop/Anime/Drift/app/src/main/java/com/kousoyu/drift/data/MangaViewModel.kt:88:40 Can
not infer type for this parameter. Specify it explicitly.
e: file:///C:/Users/xiaomi/Desktop/Anime/Drift/app/src/main/java/com/kousoyu/drift/data/MangaViewModel.kt:90:52 Unr
esolved reference 'title'.
e: file:///C:/Users/xiaomi/Desktop/Anime/Drift/app/src/main/java/com/kousoyu/drift/data/MangaViewModel.kt:91:55 Unr
esolved reference 'coverUrl'.
e: file:///C:/Users/xiaomi/Desktop/Anime/Drift/app/src/main/java/com/kousoyu/drift/data/MangaViewModel.kt:92:56 Unr
esolved reference 'detailUrl'.
e: file:///C:/Users/xiaomi/Desktop/Anime/Drift/app/src/main/java/com/kousoyu/drift/data/MangaViewModel.kt:93:60 Unr
esolved reference 'latestChapter'.
e: file:///C:/Users/xiaomi/Desktop/Anime/Drift/app/src/main/java/com/kousoyu/drift/data/MangaViewModel.kt:94:52 Unr
esolved reference 'genre'.
e: file:///C:/Users/xiaomi/Desktop/Anime/Drift/app/src/main/java/com/kousoyu/drift/data/MangaViewModel.kt:95:53 Unr
esolved reference 'author'.

FAILURE: Build failed with an exception.

* What went wrong:
Execution failed for task ':app:compileDebugKotlin'.
> A failure occurred while executing org.jetbrains.kotlin.compilerRunner.GradleCompilerRunnerWithWorkers$GradleKotl
inCompilerWorkAction
   > Compilation error. See log for more details

* Try:
> Run with --stacktrace option to get the stack trace.
> Run with --info or --debug option to get more log output.
> Run with --scan to get full insights from a Build Scan (powered by Develocity).
> Get more help at https://help.gradle.org.

BUILD FAILED in 3s
6 actionable tasks: 1 executed, 5 up-to-date
